H 5 quadruples 3 without_pair 0 sextuples 4 without_pair 0 5-standard 0
H 7 quadruples 6 without_pair 0 sextuples 10 without_pair 0 5-standard 0
H 11 quadruples 15 without_pair 0 sextuples 35 without_pair 0 5-standard 0
H 13 quadruples 21 without_pair 0 sextuples 56 without_pair 0 5-standard 0
H 17 quadruples 36 without_pair 0 sextuples 120 without_pair 0 5-standard 0
H 19 quadruples 45 without_pair 0 sextuples 165 without_pair 0 5-standard 0
H 23 quadruples 66 without_pair 0 sextuples 286 without_pair 0 5-standard 0
H 25 quadruples 78 without_pair 0 sextuples 368 without_pair 4 5-standard 4
H 29 quadruples 105 without_pair 0 sextuples 560 without_pair 0 5-standard 0
H 31 quadruples 120 without_pair 0 sextuples 680 without_pair 0 5-standard 0
H 35 quadruples 153 without_pair 0 sextuples 975 without_pair 6 5-standard 6
H 37 quadruples 171 without_pair 0 sextuples 1140 without_pair 0 5-standard 0
H 41 quadruples 210 without_pair 0 sextuples 1540 without_pair 0 5-standard 0
H 43 quadruples 231 without_pair 0 sextuples 1771 without_pair 0 5-standard 0
H 47 quadruples 276 without_pair 0 sextuples 2300 without_pair 0 5-standard 0
H 49 quadruples 300 without_pair 0 sextuples 2600 without_pair 0 5-standard 0
H 53 quadruples 351 without_pair 0 sextuples 3276 without_pair 0 5-standard 0
H 55 quadruples 378 without_pair 0 sextuples 3664 without_pair 10 5-standard 10
H 59 quadruples 435 without_pair 0 sextuples 4495 without_pair 0 5-standard 0
H 61 quadruples 465 without_pair 0 sextuples 4960 without_pair 0 5-standard 0
H 65 quadruples 528 without_pair 0 sextuples 5996 without_pair 12 5-standard 12
H 67 quadruples 561 without_pair 0 sextuples 6545 without_pair 0 5-standard 0
H 71 quadruples 630 without_pair 0 sextuples 7770 without_pair 0 5-standard 0
H 73 quadruples 666 without_pair 0 sextuples 8436 without_pair 0 5-standard 0
H 77 quadruples 741 without_pair 0 sextuples 9880 without_pair 0 5-standard 0
H 79 quadruples 780 without_pair 0 sextuples 10660 without_pair 0 5-standard 0
H 83 quadruples 861 without_pair 0 sextuples 12341 without_pair 0 5-standard 0
H 85 quadruples 903 without_pair 0 sextuples 13260 without_pair 16 5-standard 16
H 89 quadruples 990 without_pair 0 sextuples 15180 without_pair 0 5-standard 0
H 91 quadruples 1035 without_pair 0 sextuples 16215 without_pair 0 5-standard 0
H 95 quadruples 1128 without_pair 0 sextuples 18442 without_pair 18 5-standard 18
H 97 quadruples 1176 without_pair 0 sextuples 19600 without_pair 0 5-standard 0
H 101 quadruples 1275 without_pair 0 sextuples 22100 without_pair 0 5-standard 0
H 103 quadruples 1326 without_pair 0 sextuples 23426 without_pair 0 5-standard 0
H 107 quadruples 1431 without_pair 0 sextuples 26235 without_pair 0 5-standard 0
H 109 quadruples 1485 without_pair 0 sextuples 27720 without_pair 0 5-standard 0
H 113 quadruples 1596 without_pair 0 sextuples 30856 without_pair 0 5-standard 0
H 115 quadruples 1653 without_pair 0 sextuples 32531 without_pair 22 5-standard 22
H 119 quadruples 1770 without_pair 0 sextuples 35990 without_pair 0 5-standard 0
H 121 quadruples 1830 without_pair 0 sextuples 37820 without_pair 0 5-standard 0
H 125 quadruples 1953 without_pair 0 sextuples 41688 without_pair 24 5-standard 24
all Hodge quadruples have a pair; all Hodge sextuples have a pair or are 5-standard
